2026-07-21 17:41:52,591 [INFO] ========== 파이프라인 시작 ==========
2026-07-21 17:42:03,728 [INFO] 원본 데이터 다운로드 시작: https://archive.ics.uci.edu/ml/machine-learning-databases/adult/adult.data
2026-07-21 17:42:08,576 [INFO] 다운로드 완료: 3,974,305 bytes → data/raw/adult.data
2026-07-21 17:42:08,612 [INFO] [Pandas] 로딩 0.0344초 / shape (32561, 15)
2026-07-21 17:42:08,622 [INFO] [Polars] 로딩 0.0101초 / shape (32562, 15)
2026-07-21 17:42:08,644 [INFO] 중복 제거 24건 → 결측 제거 0건 / 최종 (32537, 15)
2026-07-21 17:42:08,649 [INFO] [EDA] 수치형 기술통계:
            age      fnlwgt  education-num  capital-gain  capital-loss  hours-per-week
count  32537.00    32537.00       32537.00      32537.00      32537.00        32537.00
mean      38.59   189780.85          10.08       1078.44         87.37           40.44
std       13.64   105556.47           2.57       7387.96        403.10           12.35
min       17.00    12285.00           1.00          0.00          0.00            1.00
25%       28.00   117827.00           9.00          0.00          0.00           40.00
50%       37.00   178356.00          10.00          0.00          0.00           40.00
75%       48.00   236993.00          12.00          0.00          0.00           45.00
max       90.00  1484705.00          16.00      99999.00       4356.00           99.00
2026-07-21 17:42:08,650 [INFO] [EDA] income 클래스 분포(%):
income
<=50K    75.9
>50K     24.1
2026-07-21 17:42:08,651 [INFO] 1단계 데이터 준비 완료
2026-07-21 17:42:08,652 [ERROR] 2단계 시각화 실패: feat/viz 브랜치에서 구현 후 이 줄을 삭제하세요
2026-07-21 17:42:08,652 [ERROR] 3단계 통계 분석 실패: feat/stats 브랜치에서 구현 후 이 줄을 삭제하세요
2026-07-21 17:42:08,652 [ERROR] 4단계 ML 파이프라인 실패: feat/model 브랜치에서 구현 후 이 줄을 삭제하세요
2026-07-21 17:42:08,834 [INFO] report.md 생성: /Users/jangbyeongheon/skala-data-analysis-gwangju-2-5/outputs/report.md
2026-07-21 17:42:08,834 [INFO] 5단계 리포트 생성 완료: outputs/report.md
2026-07-21 17:42:08,834 [INFO] ========== 파이프라인 종료 ==========
2026-07-21 17:52:11,226 [INFO] ========== 파이프라인 시작 ==========
2026-07-21 17:52:11,651 [INFO] 원본 데이터 확인: data/raw/adult.data (3,974,305 bytes)
2026-07-21 17:52:11,672 [INFO] [Pandas] 로딩 0.0216초 / shape (32561, 15)
2026-07-21 17:52:11,677 [INFO] [Pandas] 결측 셀 인식: 4,262개
2026-07-21 17:52:11,718 [INFO] [Polars] 로딩 0.0411초 / shape (32561, 15)
2026-07-21 17:52:11,735 [INFO] 중복 제거 24건 → 결측 제거 2398건 / 최종 (30139, 15)
2026-07-21 17:52:11,741 [INFO] [EDA] 수치형 기술통계:
            age      fnlwgt  education-num  capital-gain  capital-loss  hours-per-week
count  30139.00    30139.00       30139.00      30139.00      30139.00        30139.00
mean      38.44   189795.03          10.12       1092.84         88.44           40.93
std       13.13   105658.62           2.55       7409.11        404.45           11.98
min       17.00    13769.00           1.00          0.00          0.00            1.00
25%       28.00   117627.50           9.00          0.00          0.00           40.00
50%       37.00   178417.00          10.00          0.00          0.00           40.00
75%       47.00   237604.50          13.00          0.00          0.00           45.00
max       90.00  1484705.00          16.00      99999.00       4356.00           99.00
2026-07-21 17:52:11,742 [INFO] [EDA] income 클래스 분포(%):
income
<=50K    75.1
>50K     24.9
2026-07-21 17:52:11,744 [INFO] 1단계 데이터 준비 완료
2026-07-21 17:52:11,744 [ERROR] 2단계 시각화 실패: feat/viz 브랜치에서 구현 후 이 줄을 삭제하세요
2026-07-21 17:52:11,744 [ERROR] 3단계 통계 분석 실패: feat/stats 브랜치에서 구현 후 이 줄을 삭제하세요
2026-07-21 17:52:11,745 [ERROR] 4단계 ML 파이프라인 실패: feat/model 브랜치에서 구현 후 이 줄을 삭제하세요
2026-07-21 17:52:11,758 [INFO] report.md 생성: /Users/jangbyeongheon/skala-data-analysis-gwangju-2-5/outputs/report.md
2026-07-21 17:52:11,758 [INFO] 5단계 리포트 생성 완료: outputs/report.md
2026-07-21 17:52:11,759 [INFO] ========== 파이프라인 종료 ==========
2026-07-21 19:57:46,201 [INFO] ========== 파이프라인 시작 ==========
2026-07-21 19:57:46,940 [INFO] 원본 데이터 확인: data/raw/adult.data (3,974,305 bytes)
2026-07-21 19:57:46,961 [INFO] [Pandas] 로딩 0.0210초 / shape (32561, 15)
2026-07-21 19:57:46,965 [INFO] [Pandas] 결측 셀 인식: 4,262개
2026-07-21 19:57:46,998 [INFO] [Polars] 로딩 0.0329초 / shape (32561, 15)
2026-07-21 19:57:47,017 [INFO] 중복 제거 24건 → 결측 제거 2398건 / 최종 (30139, 15)
2026-07-21 19:57:47,022 [INFO] [EDA] 수치형 기술통계:
            age      fnlwgt  education-num  capital-gain  capital-loss  hours-per-week
count  30139.00    30139.00       30139.00      30139.00      30139.00        30139.00
mean      38.44   189795.03          10.12       1092.84         88.44           40.93
std       13.13   105658.62           2.55       7409.11        404.45           11.98
min       17.00    13769.00           1.00          0.00          0.00            1.00
25%       28.00   117627.50           9.00          0.00          0.00           40.00
50%       37.00   178417.00          10.00          0.00          0.00           40.00
75%       47.00   237604.50          13.00          0.00          0.00           45.00
max       90.00  1484705.00          16.00      99999.00       4356.00           99.00
2026-07-21 19:57:47,024 [INFO] [EDA] income 클래스 분포(%):
income
<=50K    75.1
>50K     24.9
2026-07-21 19:57:47,025 [INFO] 1단계 데이터 준비 완료
2026-07-21 19:58:03,723 [INFO] Seaborn 박스플롯 저장 완료: outputs/seaborn_chart.png
2026-07-21 19:58:03,841 [INFO] Plotly 산점도 저장 완료: outputs/plotly_chart.html (표본 1,000건)
2026-07-21 19:58:03,841 [INFO] 2단계 시각화 완료
2026-07-21 19:58:03,847 [INFO] 기술통계 산출 완료 (평균·표준편차·분위수)
2026-07-21 19:58:03,848 [INFO] 상관계수 계산 완료 (수치형 5개 변수)
2026-07-21 19:58:03,849 [INFO] [이상치 탐지] age: IQR 기준 168건 — 제거하지 않고 보존
2026-07-21 19:58:03,849 [INFO] [이상치 탐지] education-num: IQR 기준 193건 — 제거하지 않고 보존
2026-07-21 19:58:03,849 [INFO] [이상치 탐지] capital-gain: IQR 기준 2,538건 — 제거하지 않고 보존
2026-07-21 19:58:03,850 [INFO] [이상치 탐지] capital-loss: IQR 기준 1,427건 — 제거하지 않고 보존
2026-07-21 19:58:03,850 [INFO] [이상치 탐지] hours-per-week: IQR 기준 7,947건 — 제거하지 않고 보존
2026-07-21 19:58:03,852 [INFO] [t-test] t=43.1697, p=0.000e+00 → 해석 완료
2026-07-21 19:58:03,852 [INFO] 3단계 통계 분석 완료
2026-07-21 19:58:11,672 [INFO] train (24111, 11) / test (6028, 11) (stratify 적용)
2026-07-21 19:58:12,445 [INFO] [RandomForest] Accuracy 0.8358 / F1 0.6916
2026-07-21 19:58:12,459 [INFO] 변수 중요도 Top5:
변수
age               0.2324
marital-status    0.1579
hours-per-week    0.1114
relationship      0.1033
occupation        0.1025
2026-07-21 19:58:12,536 [INFO] joblib 저장·재로딩 검증 완료: outputs/model_pipeline.joblib
2026-07-21 19:58:12,625 [INFO] [LogReg 비교] Accuracy 0.8031 / F1 0.6775
2026-07-21 19:58:12,626 [INFO] 4단계 ML 파이프라인 완료
2026-07-21 19:58:12,647 [INFO] report.md 생성: /Users/jangbyeongheon/skala-data-analysis-gwangju-2-5/outputs/report.md
2026-07-21 19:58:12,647 [INFO] 5단계 리포트 생성 완료: outputs/report.md
2026-07-21 19:58:12,647 [INFO] ========== 파이프라인 종료 ==========
2026-07-21 20:05:51,861 [INFO] ========== 파이프라인 시작 ==========
2026-07-21 20:05:52,208 [INFO] 원본 데이터 확인: data/raw/adult.data (3,974,305 bytes)
2026-07-21 20:05:52,230 [INFO] [Pandas] 로딩 0.0214초 / shape (32561, 15)
2026-07-21 20:05:52,234 [INFO] [Pandas] 결측 셀 인식: 4,262개
2026-07-21 20:05:52,265 [INFO] [Polars] 로딩 0.0307초 / shape (32561, 15)
2026-07-21 20:05:52,281 [INFO] 중복 제거 24건 → 결측 제거 2398건 / 최종 (30139, 15)
2026-07-21 20:05:52,286 [INFO] [EDA] 수치형 기술통계:
            age      fnlwgt  education-num  capital-gain  capital-loss  hours-per-week
count  30139.00    30139.00       30139.00      30139.00      30139.00        30139.00
mean      38.44   189795.03          10.12       1092.84         88.44           40.93
std       13.13   105658.62           2.55       7409.11        404.45           11.98
min       17.00    13769.00           1.00          0.00          0.00            1.00
25%       28.00   117627.50           9.00          0.00          0.00           40.00
50%       37.00   178417.00          10.00          0.00          0.00           40.00
75%       47.00   237604.50          13.00          0.00          0.00           45.00
max       90.00  1484705.00          16.00      99999.00       4356.00           99.00
2026-07-21 20:05:52,288 [INFO] [EDA] income 클래스 분포(%):
income
<=50K    75.1
>50K     24.9
2026-07-21 20:05:52,289 [INFO] 1단계 데이터 준비 완료
2026-07-21 20:05:53,185 [INFO] Seaborn 박스플롯 저장 완료: outputs/seaborn_chart.png
2026-07-21 20:05:53,291 [INFO] Plotly 산점도 저장 완료: outputs/plotly_chart.html (표본 1,000건)
2026-07-21 20:05:53,291 [INFO] 2단계 시각화 완료
2026-07-21 20:05:53,297 [INFO] 기술통계 산출 완료 (평균·표준편차·분위수)
2026-07-21 20:05:53,298 [INFO] 상관계수 계산 완료 (수치형 5개 변수)
2026-07-21 20:05:53,299 [INFO] [이상치 탐지] age: IQR 기준 168건 — 제거하지 않고 보존
2026-07-21 20:05:53,299 [INFO] [이상치 탐지] education-num: IQR 기준 193건 — 제거하지 않고 보존
2026-07-21 20:05:53,299 [INFO] [이상치 탐지] capital-gain: IQR 기준 2,538건 — 제거하지 않고 보존
2026-07-21 20:05:53,300 [INFO] [이상치 탐지] capital-loss: IQR 기준 1,427건 — 제거하지 않고 보존
2026-07-21 20:05:53,300 [INFO] [이상치 탐지] hours-per-week: IQR 기준 7,947건 — 제거하지 않고 보존
2026-07-21 20:05:53,303 [INFO] [t-test] t=43.1697, p=0.000e+00 → 해석 완료
2026-07-21 20:05:53,303 [INFO] 3단계 통계 분석 완료
2026-07-21 20:05:53,605 [INFO] train (24111, 11) / test (6028, 11) (stratify 적용)
2026-07-21 20:05:54,368 [INFO] [RandomForest] Accuracy 0.8358 / F1 0.6916
2026-07-21 20:05:54,387 [INFO] 변수 중요도 Top5:
변수
age               0.2324
marital-status    0.1579
hours-per-week    0.1114
relationship      0.1033
occupation        0.1025
2026-07-21 20:05:54,488 [INFO] joblib 저장·재로딩 검증 완료: outputs/model_pipeline.joblib
2026-07-21 20:05:54,575 [INFO] [LogReg 비교] Accuracy 0.8031 / F1 0.6775
2026-07-21 20:05:54,575 [INFO] 4단계 ML 파이프라인 완료
2026-07-21 20:05:54,592 [INFO] report.md 생성: /Users/jangbyeongheon/skala-data-analysis-gwangju-2-5/outputs/report.md
2026-07-21 20:05:54,592 [INFO] 5단계 리포트 생성 완료: outputs/report.md
2026-07-21 20:05:54,592 [INFO] ========== 파이프라인 종료 ==========
2026-07-21 20:08:22,044 [INFO] ========== 파이프라인 시작 ==========
2026-07-21 20:08:22,396 [INFO] 원본 데이터 확인: data/raw/adult.data (3,974,305 bytes)
2026-07-21 20:08:22,415 [INFO] [Pandas] 로딩 0.0182초 / shape (32561, 15)
2026-07-21 20:08:22,419 [INFO] [Pandas] 결측 셀 인식: 4,262개
2026-07-21 20:08:22,450 [INFO] [Polars] 로딩 0.0311초 / shape (32561, 15)
2026-07-21 20:08:22,467 [INFO] 중복 제거 24건 → 결측 제거 2398건 / 최종 (30139, 15)
2026-07-21 20:08:22,472 [INFO] [EDA] 수치형 기술통계:
            age      fnlwgt  education-num  capital-gain  capital-loss  hours-per-week
count  30139.00    30139.00       30139.00      30139.00      30139.00        30139.00
mean      38.44   189795.03          10.12       1092.84         88.44           40.93
std       13.13   105658.62           2.55       7409.11        404.45           11.98
min       17.00    13769.00           1.00          0.00          0.00            1.00
25%       28.00   117627.50           9.00          0.00          0.00           40.00
50%       37.00   178417.00          10.00          0.00          0.00           40.00
75%       47.00   237604.50          13.00          0.00          0.00           45.00
max       90.00  1484705.00          16.00      99999.00       4356.00           99.00
2026-07-21 20:08:22,474 [INFO] [EDA] income 클래스 분포(%):
income
<=50K    75.1
>50K     24.9
2026-07-21 20:08:22,475 [INFO] 1단계 데이터 준비 완료
2026-07-21 20:08:23,374 [INFO] Seaborn 박스플롯 저장 완료: outputs/seaborn_chart.png
2026-07-21 20:08:23,502 [INFO] Plotly 산점도 저장 완료: outputs/plotly_chart.html (표본 1,000건)
2026-07-21 20:08:23,502 [INFO] 2단계 시각화 완료
2026-07-21 20:08:23,508 [INFO] 기술통계 산출 완료 (평균·표준편차·분위수)
2026-07-21 20:08:23,509 [INFO] 상관계수 계산 완료 (수치형 5개 변수)
2026-07-21 20:08:23,510 [INFO] [이상치 탐지] age: IQR 기준 168건 — 제거하지 않고 보존
2026-07-21 20:08:23,510 [INFO] [이상치 탐지] education-num: IQR 기준 193건 — 제거하지 않고 보존
2026-07-21 20:08:23,510 [INFO] [이상치 탐지] capital-gain: IQR 기준 2,538건 — 제거하지 않고 보존
2026-07-21 20:08:23,511 [INFO] [이상치 탐지] capital-loss: IQR 기준 1,427건 — 제거하지 않고 보존
2026-07-21 20:08:23,511 [INFO] [이상치 탐지] hours-per-week: IQR 기준 7,947건 — 제거하지 않고 보존
2026-07-21 20:08:23,513 [INFO] [t-test] t=43.1697, p=0.000e+00 → 해석 완료
2026-07-21 20:08:23,513 [INFO] 3단계 통계 분석 완료
2026-07-21 20:08:23,828 [INFO] train (24111, 11) / test (6028, 11) (stratify 적용)
2026-07-21 20:08:24,688 [INFO] [RandomForest] Accuracy 0.8358 / F1 0.6916
2026-07-21 20:08:24,703 [INFO] 변수 중요도 Top5:
변수
age               0.2324
marital-status    0.1579
hours-per-week    0.1114
relationship      0.1033
occupation        0.1025
2026-07-21 20:08:24,781 [INFO] joblib 저장·재로딩 검증 완료: outputs/model_pipeline.joblib
2026-07-21 20:08:24,864 [INFO] [LogReg 비교] Accuracy 0.8031 / F1 0.6775
2026-07-21 20:08:24,865 [INFO] 4단계 ML 파이프라인 완료
2026-07-21 20:08:24,881 [INFO] report.md 생성: /Users/jangbyeongheon/skala-data-analysis-gwangju-2-5/outputs/report.md
2026-07-21 20:08:24,881 [INFO] 5단계 리포트 생성 완료: outputs/report.md
2026-07-21 20:08:24,881 [INFO] ========== 파이프라인 종료 ==========
2026-07-21 20:13:35,081 [INFO] ========== 파이프라인 시작 ==========
2026-07-21 20:13:35,397 [INFO] 원본 데이터 확인: data/raw/adult.data (3,974,305 bytes)
2026-07-21 20:13:35,415 [INFO] [Pandas] 로딩 0.0179초 / shape (32561, 15)
2026-07-21 20:13:35,419 [INFO] [Pandas] 결측 셀 인식: 4,262개
2026-07-21 20:13:35,445 [INFO] [Polars] 로딩 0.0260초 / shape (32561, 15)
2026-07-21 20:13:35,461 [INFO] 중복 제거 24건 → 결측 제거 2398건 / 최종 (30139, 15)
2026-07-21 20:13:35,466 [INFO] [EDA] 수치형 기술통계:
            age      fnlwgt  education-num  capital-gain  capital-loss  hours-per-week
count  30139.00    30139.00       30139.00      30139.00      30139.00        30139.00
mean      38.44   189795.03          10.12       1092.84         88.44           40.93
std       13.13   105658.62           2.55       7409.11        404.45           11.98
min       17.00    13769.00           1.00          0.00          0.00            1.00
25%       28.00   117627.50           9.00          0.00          0.00           40.00
50%       37.00   178417.00          10.00          0.00          0.00           40.00
75%       47.00   237604.50          13.00          0.00          0.00           45.00
max       90.00  1484705.00          16.00      99999.00       4356.00           99.00
2026-07-21 20:13:35,468 [INFO] [EDA] income 클래스 분포(%):
income
<=50K    75.1
>50K     24.9
2026-07-21 20:13:35,469 [INFO] 1단계 데이터 준비 완료
2026-07-21 20:13:36,375 [INFO] Seaborn 박스플롯 저장 완료: outputs/seaborn_chart.png
2026-07-21 20:13:36,473 [INFO] Plotly 산점도 저장 완료: outputs/plotly_chart.html (표본 1,000건)
2026-07-21 20:13:36,473 [INFO] 2단계 시각화 완료
2026-07-21 20:13:36,478 [INFO] 기술통계 산출 완료 (평균·표준편차·분위수)
2026-07-21 20:13:36,479 [INFO] 상관계수 계산 완료 (수치형 5개 변수)
2026-07-21 20:13:36,479 [INFO] [이상치 탐지] age: IQR 기준 168건 — 제거하지 않고 보존
2026-07-21 20:13:36,480 [INFO] [이상치 탐지] education-num: IQR 기준 193건 — 제거하지 않고 보존
2026-07-21 20:13:36,480 [INFO] [이상치 탐지] capital-gain: IQR 기준 2,538건 — 제거하지 않고 보존
2026-07-21 20:13:36,480 [INFO] [이상치 탐지] capital-loss: IQR 기준 1,427건 — 제거하지 않고 보존
2026-07-21 20:13:36,481 [INFO] [이상치 탐지] hours-per-week: IQR 기준 7,947건 — 제거하지 않고 보존
2026-07-21 20:13:36,483 [INFO] [t-test] t=43.1697, p=0.000e+00 → 해석 완료
2026-07-21 20:13:36,483 [INFO] 3단계 통계 분석 완료
2026-07-21 20:13:36,768 [INFO] train (24111, 11) / test (6028, 11) (stratify 적용)
2026-07-21 20:13:37,530 [INFO] [RandomForest] Accuracy 0.8358 / F1 0.6916
2026-07-21 20:13:37,547 [INFO] 변수 중요도 Top5:
변수
age               0.2324
marital-status    0.1579
hours-per-week    0.1114
relationship      0.1033
occupation        0.1025
2026-07-21 20:13:37,627 [INFO] joblib 저장·재로딩 검증 완료: outputs/model_pipeline.joblib
2026-07-21 20:13:37,712 [INFO] [LogReg 비교] Accuracy 0.8031 / F1 0.6775
2026-07-21 20:13:37,713 [INFO] 4단계 ML 파이프라인 완료
2026-07-21 20:13:37,729 [INFO] report.md 생성: /Users/jangbyeongheon/skala-data-analysis-gwangju-2-5/outputs/report.md
2026-07-21 20:13:37,729 [INFO] 5단계 리포트 생성 완료: outputs/report.md
2026-07-21 20:13:37,729 [INFO] ========== 파이프라인 종료 ==========
2026-07-21 20:14:33,825 [INFO] ========== 파이프라인 시작 ==========
2026-07-21 20:14:34,058 [INFO] 원본 데이터 확인: data/raw/adult.data (3,974,305 bytes)
2026-07-21 20:14:34,075 [INFO] [Pandas] 로딩 0.0166초 / shape (32561, 15)
2026-07-21 20:14:34,084 [INFO] [Pandas] 결측 셀 인식: 4,262개
2026-07-21 20:14:34,091 [INFO] [Polars] 로딩 0.0065초 / shape (32561, 15)
2026-07-21 20:14:34,109 [INFO] 중복 제거 24건 → 결측 제거 2398건 / 최종 (30139, 15)
2026-07-21 20:14:34,114 [INFO] [EDA] 수치형 기술통계:
            age      fnlwgt  education-num  capital-gain  capital-loss  hours-per-week
count  30139.00    30139.00       30139.00      30139.00      30139.00        30139.00
mean      38.44   189795.03          10.12       1092.84         88.44           40.93
std       13.13   105658.62           2.55       7409.11        404.45           11.98
min       17.00    13769.00           1.00          0.00          0.00            1.00
25%       28.00   117627.50           9.00          0.00          0.00           40.00
50%       37.00   178417.00          10.00          0.00          0.00           40.00
75%       47.00   237604.50          13.00          0.00          0.00           45.00
max       90.00  1484705.00          16.00      99999.00       4356.00           99.00
2026-07-21 20:14:34,115 [INFO] [EDA] income 클래스 분포(%):
income
<=50K    75.1
>50K     24.9
2026-07-21 20:14:34,116 [INFO] 1단계 데이터 준비 완료
2026-07-21 20:14:34,867 [INFO] Seaborn 박스플롯 저장 완료: outputs/seaborn_chart.png
2026-07-21 20:14:34,972 [INFO] Plotly 산점도 저장 완료: outputs/plotly_chart.html (표본 1,000건)
2026-07-21 20:14:34,972 [INFO] 2단계 시각화 완료
2026-07-21 20:14:34,979 [INFO] 기술통계 산출 완료 (평균·표준편차·분위수)
2026-07-21 20:14:34,980 [INFO] 상관계수 계산 완료 (수치형 5개 변수)
2026-07-21 20:14:34,981 [INFO] [이상치 탐지] age: IQR 기준 168건 — 제거하지 않고 보존
2026-07-21 20:14:34,981 [INFO] [이상치 탐지] education-num: IQR 기준 193건 — 제거하지 않고 보존
2026-07-21 20:14:34,981 [INFO] [이상치 탐지] capital-gain: IQR 기준 2,538건 — 제거하지 않고 보존
2026-07-21 20:14:34,982 [INFO] [이상치 탐지] capital-loss: IQR 기준 1,427건 — 제거하지 않고 보존
2026-07-21 20:14:34,982 [INFO] [이상치 탐지] hours-per-week: IQR 기준 7,947건 — 제거하지 않고 보존
2026-07-21 20:14:34,984 [INFO] [t-test] t=43.1697, p=0.000e+00 → 해석 완료
2026-07-21 20:14:34,984 [INFO] 3단계 통계 분석 완료
2026-07-21 20:14:35,272 [INFO] train (24111, 11) / test (6028, 11) (stratify 적용)
2026-07-21 20:14:36,039 [INFO] [RandomForest] Accuracy 0.8358 / F1 0.6916
2026-07-21 20:14:36,053 [INFO] 변수 중요도 Top5:
변수
age               0.2324
marital-status    0.1579
hours-per-week    0.1114
relationship      0.1033
occupation        0.1025
2026-07-21 20:14:36,136 [INFO] joblib 저장·재로딩 검증 완료: outputs/model_pipeline.joblib
2026-07-21 20:14:36,220 [INFO] [LogReg 비교] Accuracy 0.8031 / F1 0.6775
2026-07-21 20:14:36,221 [INFO] 4단계 ML 파이프라인 완료
2026-07-21 20:14:36,237 [INFO] report.md 생성: /Users/jangbyeongheon/skala-data-analysis-gwangju-2-5/outputs/report.md
2026-07-21 20:14:36,237 [INFO] 5단계 리포트 생성 완료: outputs/report.md
2026-07-21 20:14:36,237 [INFO] ========== 파이프라인 종료 ==========
